Archive member included because of file (symbol)

../contador_bsp/\libhal_bsp.a(alt_load.o)
                              ../contador_bsp//obj/HAL/src/crt0.o (alt_load)
../contador_bsp/\libhal_bsp.a(alt_main.o)
                              ../contador_bsp//obj/HAL/src/crt0.o (alt_main)
../contador_bsp/\libhal_bsp.a(alt_putstr.o)
                              obj/default/hello_world_small.o (alt_putstr)
../contador_bsp/\libhal_bsp.a(alt_usleep.o)
                              obj/default/hello_world_small.o (usleep)
../contador_bsp/\libhal_bsp.a(alt_sys_init.o)
                              ../contador_bsp/\libhal_bsp.a(alt_main.o) (alt_sys_init)
../contador_bsp/\libhal_bsp.a(altera_avalon_jtag_uart_write.o)
                              ../contador_bsp/\libhal_bsp.a(alt_putstr.o) (altera_avalon_jtag_uart_write)
../contador_bsp/\libhal_bsp.a(alt_busy_sleep.o)
                              ../contador_bsp/\libhal_bsp.a(alt_usleep.o) (alt_busy_sleep)
../contador_bsp/\libhal_bsp.a(alt_dcache_flush_all.o)
                              ../contador_bsp/\libhal_bsp.a(alt_load.o) (alt_dcache_flush_all)
../contador_bsp/\libhal_bsp.a(alt_icache_flush_all.o)
                              ../contador_bsp/\libhal_bsp.a(alt_load.o) (alt_icache_flush_all)
../contador_bsp/\libhal_bsp.a(altera_nios2_qsys_irq.o)
                              ../contador_bsp/\libhal_bsp.a(alt_sys_init.o) (altera_nios2_qsys_irq_init)
c:/altera/13.0sp1/nios2eds/bin/gnu/h-i686-mingw32/bin/../lib/gcc/nios2-elf/4.1.2/../../../../nios2-elf/lib/mno-hw-mul\libsmallc.a(lib_a-strlen.o)
                              ../contador_bsp/\libhal_bsp.a(alt_putstr.o) (strlen)
c:/altera/13.0sp1/nios2eds/bin/gnu/h-i686-mingw32/bin/../lib/gcc/nios2-elf/4.1.2/mno-hw-mul\libgcc.a(lib2-divmod.o)
                              ../contador_bsp/\libhal_bsp.a(alt_busy_sleep.o) (__udivsi3)
c:/altera/13.0sp1/nios2eds/bin/gnu/h-i686-mingw32/bin/../lib/gcc/nios2-elf/4.1.2/mno-hw-mul\libgcc.a(lib2-mul.o)
                              ../contador_bsp/\libhal_bsp.a(alt_busy_sleep.o) (__mulsi3)

Memory Configuration

Name             Origin             Length             Attributes
reset            0x00008000         0x00000020
onchip_memory2_0 0x00008020         0x00004e00
*default*        0x00000000         0xffffffff

Linker script and memory map

LOAD ../contador_bsp//obj/HAL/src/crt0.o
                0x0000800c                exit = _exit
LOAD obj/default/hello_world_small.o
LOAD c:/altera/13.0sp1/nios2eds/bin/gnu/h-i686-mingw32/bin/../lib/gcc/nios2-elf/4.1.2/../../../../nios2-elf/lib/mno-hw-mul\libstdc++.a
LOAD c:/altera/13.0sp1/nios2eds/bin/gnu/h-i686-mingw32/bin/../lib/gcc/nios2-elf/4.1.2/../../../../nios2-elf/lib/mno-hw-mul\libm.a
LOAD c:/altera/13.0sp1/nios2eds/bin/gnu/h-i686-mingw32/bin/../lib/gcc/nios2-elf/4.1.2/mno-hw-mul\libgcc.a
START GROUP
LOAD c:/altera/13.0sp1/nios2eds/bin/gnu/h-i686-mingw32/bin/../lib/gcc/nios2-elf/4.1.2/../../../../nios2-elf/lib/mno-hw-mul\libsmallc.a
LOAD c:/altera/13.0sp1/nios2eds/bin/gnu/h-i686-mingw32/bin/../lib/gcc/nios2-elf/4.1.2/mno-hw-mul\libgcc.a
LOAD ../contador_bsp/\libhal_bsp.a
END GROUP
LOAD c:/altera/13.0sp1/nios2eds/bin/gnu/h-i686-mingw32/bin/../lib/gcc/nios2-elf/4.1.2/mno-hw-mul\libgcc.a
                0x00008000                __alt_mem_onchip_memory2_0 = 0x8000

.entry          0x00008000       0x20
 *(.entry)
 .entry         0x00008000       0x20 ../contador_bsp//obj/HAL/src/crt0.o
                0x00008000                __reset
                0x0000800c                _exit

.exceptions     0x00008020        0x0
                0x00008020                PROVIDE (__ram_exceptions_start, ABSOLUTE (.))
                0x00008020                . = ALIGN (0x20)
 *(.irq)
 *(.exceptions.entry.label)
 *(.exceptions.entry.user)
 *(.exceptions.entry)
 *(.exceptions.irqtest.user)
 *(.exceptions.irqtest)
 *(.exceptions.irqhandler.user)
 *(.exceptions.irqhandler)
 *(.exceptions.irqreturn.user)
 *(.exceptions.irqreturn)
 *(.exceptions.notirq.label)
 *(.exceptions.notirq.user)
 *(.exceptions.notirq)
 *(.exceptions.soft.user)
 *(.exceptions.soft)
 *(.exceptions.unknown.user)
 *(.exceptions.unknown)
 *(.exceptions.exit.label)
 *(.exceptions.exit.user)
 *(.exceptions.exit)
 *(.exceptions)
                0x00008020                PROVIDE (__ram_exceptions_end, ABSOLUTE (.))
                0x00008020                PROVIDE (__flash_exceptions_start, LOADADDR (.exceptions))

.text           0x00008020      0x408
                0x00008020                PROVIDE (stext, ABSOLUTE (.))
 *(.interp)
 *(.hash)
 *(.dynsym)
 *(.dynstr)
 *(.gnu.version)
 *(.gnu.version_d)
 *(.gnu.version_r)
 *(.rel.init)
 *(.rela.init)
 *(.rel.text .rel.text.* .rel.gnu.linkonce.t.*)
 *(.rela.text .rela.text.* .rela.gnu.linkonce.t.*)
 *(.rel.fini)
 *(.rela.fini)
 *(.rel.rodata .rel.rodata.* .rel.gnu.linkonce.r.*)
 *(.rela.rodata .rela.rodata.* .rela.gnu.linkonce.r.*)
 *(.rel.data .rel.data.* .rel.gnu.linkonce.d.*)
 *(.rela.data .rela.data.* .rela.gnu.linkonce.d.*)
 *(.rel.tdata .rel.tdata.* .rel.gnu.linkonce.td.*)
 *(.rela.tdata .rela.tdata.* .rela.gnu.linkonce.td.*)
 *(.rel.tbss .rel.tbss.* .rel.gnu.linkonce.tb.*)
 *(.rela.tbss .rela.tbss.* .rela.gnu.linkonce.tb.*)
 *(.rel.ctors)
 *(.rela.ctors)
 *(.rel.dtors)
 *(.rela.dtors)
 *(.rel.got)
 *(.rela.got)
 *(.rel.sdata .rel.sdata.* .rel.gnu.linkonce.s.*)
 *(.rela.sdata .rela.sdata.* .rela.gnu.linkonce.s.*)
 *(.rel.sbss .rel.sbss.* .rel.gnu.linkonce.sb.*)
 *(.rela.sbss .rela.sbss.* .rela.gnu.linkonce.sb.*)
 *(.rel.sdata2 .rel.sdata2.* .rel.gnu.linkonce.s2.*)
 *(.rela.sdata2 .rela.sdata2.* .rela.gnu.linkonce.s2.*)
 *(.rel.sbss2 .rel.sbss2.* .rel.gnu.linkonce.sb2.*)
 *(.rela.sbss2 .rela.sbss2.* .rela.gnu.linkonce.sb2.*)
 *(.rel.bss .rel.bss.* .rel.gnu.linkonce.b.*)
 *(.rela.bss .rela.bss.* .rela.gnu.linkonce.b.*)
 *(.rel.plt)
 *(.rela.plt)
 *(.rel.dyn)
 *(.init)
 *(.plt)
 *(.text .stub .text.* .gnu.linkonce.t.*)
 .text          0x00008020       0x3c ../contador_bsp//obj/HAL/src/crt0.o
                0x00008020                _start
 .text          0x0000805c       0x40 obj/default/hello_world_small.o
                0x0000805c                main
 .text          0x0000809c       0x8c ../contador_bsp/\libhal_bsp.a(alt_load.o)
                0x000080bc                alt_load
 .text          0x00008128       0x2c ../contador_bsp/\libhal_bsp.a(alt_main.o)
                0x00008128                alt_main
 .text          0x00008154       0x38 ../contador_bsp/\libhal_bsp.a(alt_putstr.o)
                0x00008154                alt_putstr
 .text          0x0000818c        0x4 ../contador_bsp/\libhal_bsp.a(alt_usleep.o)
                0x0000818c                usleep
 .text          0x00008190       0x24 ../contador_bsp/\libhal_bsp.a(alt_sys_init.o)
                0x00008190                alt_sys_init
                0x00008194                alt_irq_init
 .text          0x000081b4       0x34 ../contador_bsp/\libhal_bsp.a(altera_avalon_jtag_uart_write.o)
                0x000081b4                altera_avalon_jtag_uart_write
 .text          0x000081e8       0x8c ../contador_bsp/\libhal_bsp.a(alt_busy_sleep.o)
                0x000081e8                alt_busy_sleep
 .text          0x00008274        0x4 ../contador_bsp/\libhal_bsp.a(alt_dcache_flush_all.o)
                0x00008274                alt_dcache_flush_all
 .text          0x00008278        0x4 ../contador_bsp/\libhal_bsp.a(alt_icache_flush_all.o)
                0x00008278                alt_icache_flush_all
 .text          0x0000827c        0x8 ../contador_bsp/\libhal_bsp.a(altera_nios2_qsys_irq.o)
                0x0000827c                altera_nios2_qsys_irq_init
 .text          0x00008284       0x20 c:/altera/13.0sp1/nios2eds/bin/gnu/h-i686-mingw32/bin/../lib/gcc/nios2-elf/4.1.2/../../../../nios2-elf/lib/mno-hw-mul\libsmallc.a(lib_a-strlen.o)
                0x00008284                strlen
 .text          0x000082a4      0x14c c:/altera/13.0sp1/nios2eds/bin/gnu/h-i686-mingw32/bin/../lib/gcc/nios2-elf/4.1.2/mno-hw-mul\libgcc.a(lib2-divmod.o)
                0x00008320                __divsi3
                0x00008380                __modsi3
                0x000083e0                __udivsi3
                0x000083e8                __umodsi3
 .text          0x000083f0       0x38 c:/altera/13.0sp1/nios2eds/bin/gnu/h-i686-mingw32/bin/../lib/gcc/nios2-elf/4.1.2/mno-hw-mul\libgcc.a(lib2-mul.o)
                0x000083f0                __mulsi3
 *(.gnu.warning.*)
 *(.fini)
                0x00008428                PROVIDE (__etext, ABSOLUTE (.))
                0x00008428                PROVIDE (_etext, ABSOLUTE (.))
                0x00008428                PROVIDE (etext, ABSOLUTE (.))
 *(.eh_frame_hdr)
                0x00008428                . = ALIGN (0x4)
                0x00008428                PROVIDE (__preinit_array_start, ABSOLUTE (.))
 *(.preinit_array)
                0x00008428                PROVIDE (__preinit_array_end, ABSOLUTE (.))
                0x00008428                PROVIDE (__init_array_start, ABSOLUTE (.))
 *(.init_array)
                0x00008428                PROVIDE (__init_array_end, ABSOLUTE (.))
                0x00008428                PROVIDE (__fini_array_start, ABSOLUTE (.))
 *(.fini_array)
                0x00008428                PROVIDE (__fini_array_end, ABSOLUTE (.))
 *(.eh_frame)
 *(.gcc_except_table)
 *(.dynamic)
                0x00008428                PROVIDE (__CTOR_LIST__, ABSOLUTE (.))
 *(.ctors)
 *(SORT(.ctors.*))
                0x00008428                PROVIDE (__CTOR_END__, ABSOLUTE (.))
                0x00008428                PROVIDE (__DTOR_LIST__, ABSOLUTE (.))
 *(.dtors)
 *(SORT(.dtors.*))
                0x00008428                PROVIDE (__DTOR_END__, ABSOLUTE (.))
 *(.jcr)
                0x00008428                . = ALIGN (0x4)

.rodata         0x00008428       0x18
                0x00008428                PROVIDE (__ram_rodata_start, ABSOLUTE (.))
                0x00008428                . = ALIGN (0x4)
 *(.rodata .rodata.* .gnu.linkonce.r.*)
 .rodata.str1.4
                0x00008428       0x18 obj/default/hello_world_small.o
 *(.rodata1)
                0x00008440                . = ALIGN (0x4)
                0x00008440                PROVIDE (__ram_rodata_end, ABSOLUTE (.))
                0x00008428                PROVIDE (__flash_rodata_start, LOADADDR (.rodata))

.rwdata         0x00008440        0x4 load address 0x00008444
                0x00008440                PROVIDE (__ram_rwdata_start, ABSOLUTE (.))
                0x00008440                . = ALIGN (0x4)
 *(.got.plt)
 *(.got)
 *(.data1)
 *(.data .data.* .gnu.linkonce.d.*)
 .data          0x00008440        0x0 ../contador_bsp//obj/HAL/src/crt0.o
 .data          0x00008440        0x0 obj/default/hello_world_small.o
 .data          0x00008440        0x0 ../contador_bsp/\libhal_bsp.a(alt_load.o)
 .data          0x00008440        0x0 ../contador_bsp/\libhal_bsp.a(alt_main.o)
 .data          0x00008440        0x0 ../contador_bsp/\libhal_bsp.a(alt_putstr.o)
 .data          0x00008440        0x0 ../contador_bsp/\libhal_bsp.a(alt_usleep.o)
 .data          0x00008440        0x0 ../contador_bsp/\libhal_bsp.a(alt_sys_init.o)
 .data          0x00008440        0x0 ../contador_bsp/\libhal_bsp.a(altera_avalon_jtag_uart_write.o)
 .data          0x00008440        0x0 ../contador_bsp/\libhal_bsp.a(alt_busy_sleep.o)
 .data          0x00008440        0x0 ../contador_bsp/\libhal_bsp.a(alt_dcache_flush_all.o)
 .data          0x00008440        0x0 ../contador_bsp/\libhal_bsp.a(alt_icache_flush_all.o)
 .data          0x00008440        0x0 ../contador_bsp/\libhal_bsp.a(altera_nios2_qsys_irq.o)
 .data          0x00008440        0x0 c:/altera/13.0sp1/nios2eds/bin/gnu/h-i686-mingw32/bin/../lib/gcc/nios2-elf/4.1.2/../../../../nios2-elf/lib/mno-hw-mul\libsmallc.a(lib_a-strlen.o)
 .data          0x00008440        0x0 c:/altera/13.0sp1/nios2eds/bin/gnu/h-i686-mingw32/bin/../lib/gcc/nios2-elf/4.1.2/mno-hw-mul\libgcc.a(lib2-divmod.o)
 .data          0x00008440        0x0 c:/altera/13.0sp1/nios2eds/bin/gnu/h-i686-mingw32/bin/../lib/gcc/nios2-elf/4.1.2/mno-hw-mul\libgcc.a(lib2-mul.o)
                0x00010440                _gp = ABSOLUTE ((. + 0x8000))
                0x00010440                PROVIDE (gp, _gp)
 *(.rwdata .rwdata.*)
 *(.sdata .sdata.* .gnu.linkonce.s.*)
 .sdata         0x00008440        0x4 ../contador_bsp/\libhal_bsp.a(alt_sys_init.o)
                0x00008440                jtag_uart_0
 *(.sdata2 .sdata2.* .gnu.linkonce.s2.*)
                0x00008444                . = ALIGN (0x4)
                0x00008444                _edata = ABSOLUTE (.)
                0x00008444                PROVIDE (edata, ABSOLUTE (.))
                0x00008444                PROVIDE (__ram_rwdata_end, ABSOLUTE (.))
                0x00008444                PROVIDE (__flash_rwdata_start, LOADADDR (.rwdata))

.bss            0x00008448       0x10
                0x00008448                __bss_start = ABSOLUTE (.)
                0x00008448                PROVIDE (__sbss_start, ABSOLUTE (.))
                0x00008448                PROVIDE (___sbss_start, ABSOLUTE (.))
 *(.dynsbss)
 *(.sbss .sbss.* .gnu.linkonce.sb.*)
 .sbss          0x00008448        0x2 obj/default/hello_world_small.o
                0x00008448                data
 *fill*         0x0000844a        0x2 00
 .sbss          0x0000844c        0xc ../contador_bsp/\libhal_bsp.a(alt_main.o)
                0x0000844c                alt_argc
                0x00008450                alt_argv
                0x00008454                alt_envp
 *(.sbss2 .sbss2.* .gnu.linkonce.sb2.*)
 *(.scommon)
                0x00008458                PROVIDE (__sbss_end, ABSOLUTE (.))
                0x00008458                PROVIDE (___sbss_end, ABSOLUTE (.))
 *(.dynbss)
 *(.bss .bss.* .gnu.linkonce.b.*)
 .bss           0x00008458        0x0 ../contador_bsp//obj/HAL/src/crt0.o
 .bss           0x00008458        0x0 obj/default/hello_world_small.o
 .bss           0x00008458        0x0 ../contador_bsp/\libhal_bsp.a(alt_load.o)
 .bss           0x00008458        0x0 ../contador_bsp/\libhal_bsp.a(alt_main.o)
 .bss           0x00008458        0x0 ../contador_bsp/\libhal_bsp.a(alt_putstr.o)
 .bss           0x00008458        0x0 ../contador_bsp/\libhal_bsp.a(alt_usleep.o)
 .bss           0x00008458        0x0 ../contador_bsp/\libhal_bsp.a(alt_sys_init.o)
 .bss           0x00008458        0x0 ../contador_bsp/\libhal_bsp.a(altera_avalon_jtag_uart_write.o)
 .bss           0x00008458        0x0 ../contador_bsp/\libhal_bsp.a(alt_busy_sleep.o)
 .bss           0x00008458        0x0 ../contador_bsp/\libhal_bsp.a(alt_dcache_flush_all.o)
 .bss           0x00008458        0x0 ../contador_bsp/\libhal_bsp.a(alt_icache_flush_all.o)
 .bss           0x00008458        0x0 ../contador_bsp/\libhal_bsp.a(altera_nios2_qsys_irq.o)
 .bss           0x00008458        0x0 c:/altera/13.0sp1/nios2eds/bin/gnu/h-i686-mingw32/bin/../lib/gcc/nios2-elf/4.1.2/../../../../nios2-elf/lib/mno-hw-mul\libsmallc.a(lib_a-strlen.o)
 .bss           0x00008458        0x0 c:/altera/13.0sp1/nios2eds/bin/gnu/h-i686-mingw32/bin/../lib/gcc/nios2-elf/4.1.2/mno-hw-mul\libgcc.a(lib2-divmod.o)
 .bss           0x00008458        0x0 c:/altera/13.0sp1/nios2eds/bin/gnu/h-i686-mingw32/bin/../lib/gcc/nios2-elf/4.1.2/mno-hw-mul\libgcc.a(lib2-mul.o)
 *(COMMON)
                0x00008458                . = ALIGN (0x4)
                0x00008458                __bss_end = ABSOLUTE (.)

.onchip_memory2_0
                0x00008458        0x0
                0x00008458                PROVIDE (_alt_partition_onchip_memory2_0_start, ABSOLUTE (.))
 *(.onchip_memory2_0. onchip_memory2_0.*)
                0x00008458                . = ALIGN (0x4)
                0x00008458                PROVIDE (_alt_partition_onchip_memory2_0_end, ABSOLUTE (.))
                0x00008458                _end = ABSOLUTE (.)
                0x00008458                end = ABSOLUTE (.)
                0x00008458                __alt_stack_base = ABSOLUTE (.)
                0x00008458                PROVIDE (_alt_partition_onchip_memory2_0_load_addr, LOADADDR (.onchip_memory2_0))

.stab
 *(.stab)

.stabstr
 *(.stabstr)

.stab.excl
 *(.stab.excl)

.stab.exclstr
 *(.stab.exclstr)

.stab.index
 *(.stab.index)

.stab.indexstr
 *(.stab.indexstr)

.comment        0x00000000       0x26
 *(.comment)
 .comment       0x00000000       0x26 obj/default/hello_world_small.o
                                 0x27 (size before relaxing)
 .comment       0x00000000       0x27 ../contador_bsp/\libhal_bsp.a(alt_load.o)
 .comment       0x00000000       0x27 ../contador_bsp/\libhal_bsp.a(alt_main.o)
 .comment       0x00000000       0x27 ../contador_bsp/\libhal_bsp.a(alt_putstr.o)
 .comment       0x00000000       0x27 ../contador_bsp/\libhal_bsp.a(alt_usleep.o)
 .comment       0x00000000       0x27 ../contador_bsp/\libhal_bsp.a(alt_sys_init.o)
 .comment       0x00000000       0x27 ../contador_bsp/\libhal_bsp.a(altera_avalon_jtag_uart_write.o)
 .comment       0x00000000       0x27 ../contador_bsp/\libhal_bsp.a(alt_busy_sleep.o)
 .comment       0x00000000       0x27 ../contador_bsp/\libhal_bsp.a(alt_dcache_flush_all.o)
 .comment       0x00000000       0x27 ../contador_bsp/\libhal_bsp.a(alt_icache_flush_all.o)
 .comment       0x00000000       0x27 ../contador_bsp/\libhal_bsp.a(altera_nios2_qsys_irq.o)
 .comment       0x00000000       0x27 c:/altera/13.0sp1/nios2eds/bin/gnu/h-i686-mingw32/bin/../lib/gcc/nios2-elf/4.1.2/../../../../nios2-elf/lib/mno-hw-mul\libsmallc.a(lib_a-strlen.o)
 .comment       0x00000000       0x27 c:/altera/13.0sp1/nios2eds/bin/gnu/h-i686-mingw32/bin/../lib/gcc/nios2-elf/4.1.2/mno-hw-mul\libgcc.a(lib2-divmod.o)
 .comment       0x00000000       0x27 c:/altera/13.0sp1/nios2eds/bin/gnu/h-i686-mingw32/bin/../lib/gcc/nios2-elf/4.1.2/mno-hw-mul\libgcc.a(lib2-mul.o)

.debug
 *(.debug)

.line
 *(.line)

.debug_srcinfo
 *(.debug_srcinfo)

.debug_sfnames
 *(.debug_sfnames)

.debug_aranges  0x00000000      0x1e8
 *(.debug_aranges)
 .debug_aranges
                0x00000000       0x28 ../contador_bsp//obj/HAL/src/crt0.o
 .debug_aranges
                0x00000028       0x20 obj/default/hello_world_small.o
 .debug_aranges
                0x00000048       0x20 ../contador_bsp/\libhal_bsp.a(alt_load.o)
 .debug_aranges
                0x00000068       0x20 ../contador_bsp/\libhal_bsp.a(alt_main.o)
 .debug_aranges
                0x00000088       0x20 ../contador_bsp/\libhal_bsp.a(alt_putstr.o)
 .debug_aranges
                0x000000a8       0x20 ../contador_bsp/\libhal_bsp.a(alt_usleep.o)
 .debug_aranges
                0x000000c8       0x20 ../contador_bsp/\libhal_bsp.a(alt_sys_init.o)
 .debug_aranges
                0x000000e8       0x20 ../contador_bsp/\libhal_bsp.a(altera_avalon_jtag_uart_write.o)
 .debug_aranges
                0x00000108       0x20 ../contador_bsp/\libhal_bsp.a(alt_busy_sleep.o)
 .debug_aranges
                0x00000128       0x20 ../contador_bsp/\libhal_bsp.a(alt_dcache_flush_all.o)
 .debug_aranges
                0x00000148       0x20 ../contador_bsp/\libhal_bsp.a(alt_icache_flush_all.o)
 .debug_aranges
                0x00000168       0x20 ../contador_bsp/\libhal_bsp.a(altera_nios2_qsys_irq.o)
 .debug_aranges
                0x00000188       0x20 c:/altera/13.0sp1/nios2eds/bin/gnu/h-i686-mingw32/bin/../lib/gcc/nios2-elf/4.1.2/../../../../nios2-elf/lib/mno-hw-mul\libsmallc.a(lib_a-strlen.o)
 .debug_aranges
                0x000001a8       0x20 c:/altera/13.0sp1/nios2eds/bin/gnu/h-i686-mingw32/bin/../lib/gcc/nios2-elf/4.1.2/mno-hw-mul\libgcc.a(lib2-divmod.o)
 .debug_aranges
                0x000001c8       0x20 c:/altera/13.0sp1/nios2eds/bin/gnu/h-i686-mingw32/bin/../lib/gcc/nios2-elf/4.1.2/mno-hw-mul\libgcc.a(lib2-mul.o)

.debug_pubnames
                0x00000000      0x26f
 *(.debug_pubnames)
 .debug_pubnames
                0x00000000       0x24 obj/default/hello_world_small.o
 .debug_pubnames
                0x00000024       0x1f ../contador_bsp/\libhal_bsp.a(alt_load.o)
 .debug_pubnames
                0x00000043       0x46 ../contador_bsp/\libhal_bsp.a(alt_main.o)
 .debug_pubnames
                0x00000089       0x21 ../contador_bsp/\libhal_bsp.a(alt_putstr.o)
 .debug_pubnames
                0x000000aa       0x1d ../contador_bsp/\libhal_bsp.a(alt_usleep.o)
 .debug_pubnames
                0x000000c7       0x44 ../contador_bsp/\libhal_bsp.a(alt_sys_init.o)
 .debug_pubnames
                0x0000010b       0x34 ../contador_bsp/\libhal_bsp.a(altera_avalon_jtag_uart_write.o)
 .debug_pubnames
                0x0000013f       0x25 ../contador_bsp/\libhal_bsp.a(alt_busy_sleep.o)
 .debug_pubnames
                0x00000164       0x2b ../contador_bsp/\libhal_bsp.a(alt_dcache_flush_all.o)
 .debug_pubnames
                0x0000018f       0x2b ../contador_bsp/\libhal_bsp.a(alt_icache_flush_all.o)
 .debug_pubnames
                0x000001ba       0x31 ../contador_bsp/\libhal_bsp.a(altera_nios2_qsys_irq.o)
 .debug_pubnames
                0x000001eb       0x1d c:/altera/13.0sp1/nios2eds/bin/gnu/h-i686-mingw32/bin/../lib/gcc/nios2-elf/4.1.2/../../../../nios2-elf/lib/mno-hw-mul\libsmallc.a(lib_a-strlen.o)
 .debug_pubnames
                0x00000208       0x48 c:/altera/13.0sp1/nios2eds/bin/gnu/h-i686-mingw32/bin/../lib/gcc/nios2-elf/4.1.2/mno-hw-mul\libgcc.a(lib2-divmod.o)
 .debug_pubnames
                0x00000250       0x1f c:/altera/13.0sp1/nios2eds/bin/gnu/h-i686-mingw32/bin/../lib/gcc/nios2-elf/4.1.2/mno-hw-mul\libgcc.a(lib2-mul.o)

.debug_info     0x00000000      0xe4c
 *(.debug_info .gnu.linkonce.wi.*)
 .debug_info    0x00000000       0x7e ../contador_bsp//obj/HAL/src/crt0.o
 .debug_info    0x0000007e       0xb7 obj/default/hello_world_small.o
 .debug_info    0x00000135      0x12e ../contador_bsp/\libhal_bsp.a(alt_load.o)
 .debug_info    0x00000263      0x125 ../contador_bsp/\libhal_bsp.a(alt_main.o)
 .debug_info    0x00000388       0xc5 ../contador_bsp/\libhal_bsp.a(alt_putstr.o)
 .debug_info    0x0000044d       0xab ../contador_bsp/\libhal_bsp.a(alt_usleep.o)
 .debug_info    0x000004f8      0x17d ../contador_bsp/\libhal_bsp.a(alt_sys_init.o)
 .debug_info    0x00000675      0x18f ../contador_bsp/\libhal_bsp.a(altera_avalon_jtag_uart_write.o)
 .debug_info    0x00000804       0xd0 ../contador_bsp/\libhal_bsp.a(alt_busy_sleep.o)
 .debug_info    0x000008d4       0x8d ../contador_bsp/\libhal_bsp.a(alt_dcache_flush_all.o)
 .debug_info    0x00000961       0x8d ../contador_bsp/\libhal_bsp.a(alt_icache_flush_all.o)
 .debug_info    0x000009ee       0x8d ../contador_bsp/\libhal_bsp.a(altera_nios2_qsys_irq.o)
 .debug_info    0x00000a7b       0xc2 c:/altera/13.0sp1/nios2eds/bin/gnu/h-i686-mingw32/bin/../lib/gcc/nios2-elf/4.1.2/../../../../nios2-elf/lib/mno-hw-mul\libsmallc.a(lib_a-strlen.o)
 .debug_info    0x00000b3d      0x21c c:/altera/13.0sp1/nios2eds/bin/gnu/h-i686-mingw32/bin/../lib/gcc/nios2-elf/4.1.2/mno-hw-mul\libgcc.a(lib2-divmod.o)
 .debug_info    0x00000d59       0xf3 c:/altera/13.0sp1/nios2eds/bin/gnu/h-i686-mingw32/bin/../lib/gcc/nios2-elf/4.1.2/mno-hw-mul\libgcc.a(lib2-mul.o)

.debug_abbrev   0x00000000      0x76c
 *(.debug_abbrev)
 .debug_abbrev  0x00000000       0x12 ../contador_bsp//obj/HAL/src/crt0.o
 .debug_abbrev  0x00000012       0x66 obj/default/hello_world_small.o
 .debug_abbrev  0x00000078       0x97 ../contador_bsp/\libhal_bsp.a(alt_load.o)
 .debug_abbrev  0x0000010f       0xa6 ../contador_bsp/\libhal_bsp.a(alt_main.o)
 .debug_abbrev  0x000001b5       0x7c ../contador_bsp/\libhal_bsp.a(alt_putstr.o)
 .debug_abbrev  0x00000231       0x5d ../contador_bsp/\libhal_bsp.a(alt_usleep.o)
 .debug_abbrev  0x0000028e       0xe3 ../contador_bsp/\libhal_bsp.a(alt_sys_init.o)
 .debug_abbrev  0x00000371       0xf0 ../contador_bsp/\libhal_bsp.a(altera_avalon_jtag_uart_write.o)
 .debug_abbrev  0x00000461       0x79 ../contador_bsp/\libhal_bsp.a(alt_busy_sleep.o)
 .debug_abbrev  0x000004da       0x3f ../contador_bsp/\libhal_bsp.a(alt_dcache_flush_all.o)
 .debug_abbrev  0x00000519       0x3f ../contador_bsp/\libhal_bsp.a(alt_icache_flush_all.o)
 .debug_abbrev  0x00000558       0x3f ../contador_bsp/\libhal_bsp.a(altera_nios2_qsys_irq.o)
 .debug_abbrev  0x00000597       0x7a c:/altera/13.0sp1/nios2eds/bin/gnu/h-i686-mingw32/bin/../lib/gcc/nios2-elf/4.1.2/../../../../nios2-elf/lib/mno-hw-mul\libsmallc.a(lib_a-strlen.o)
 .debug_abbrev  0x00000611       0xe0 c:/altera/13.0sp1/nios2eds/bin/gnu/h-i686-mingw32/bin/../lib/gcc/nios2-elf/4.1.2/mno-hw-mul\libgcc.a(lib2-divmod.o)
 .debug_abbrev  0x000006f1       0x7b c:/altera/13.0sp1/nios2eds/bin/gnu/h-i686-mingw32/bin/../lib/gcc/nios2-elf/4.1.2/mno-hw-mul\libgcc.a(lib2-mul.o)

.debug_line     0x00000000     0x1ddd
 *(.debug_line)
 .debug_line    0x00000000       0x66 ../contador_bsp//obj/HAL/src/crt0.o
 .debug_line    0x00000066      0x1fa obj/default/hello_world_small.o
 .debug_line    0x00000260      0x217 ../contador_bsp/\libhal_bsp.a(alt_load.o)
 .debug_line    0x00000477      0x2c2 ../contador_bsp/\libhal_bsp.a(alt_main.o)
 .debug_line    0x00000739      0x1d9 ../contador_bsp/\libhal_bsp.a(alt_putstr.o)
 .debug_line    0x00000912      0x202 ../contador_bsp/\libhal_bsp.a(alt_usleep.o)
 .debug_line    0x00000b14      0x286 ../contador_bsp/\libhal_bsp.a(alt_sys_init.o)
 .debug_line    0x00000d9a      0x2f4 ../contador_bsp/\libhal_bsp.a(altera_avalon_jtag_uart_write.o)
 .debug_line    0x0000108e      0x25e ../contador_bsp/\libhal_bsp.a(alt_busy_sleep.o)
 .debug_line    0x000012ec      0x1b5 ../contador_bsp/\libhal_bsp.a(alt_dcache_flush_all.o)
 .debug_line    0x000014a1      0x1b5 ../contador_bsp/\libhal_bsp.a(alt_icache_flush_all.o)
 .debug_line    0x00001656      0x1ce ../contador_bsp/\libhal_bsp.a(altera_nios2_qsys_irq.o)
 .debug_line    0x00001824      0x250 c:/altera/13.0sp1/nios2eds/bin/gnu/h-i686-mingw32/bin/../lib/gcc/nios2-elf/4.1.2/../../../../nios2-elf/lib/mno-hw-mul\libsmallc.a(lib_a-strlen.o)
 .debug_line    0x00001a74      0x24f c:/altera/13.0sp1/nios2eds/bin/gnu/h-i686-mingw32/bin/../lib/gcc/nios2-elf/4.1.2/mno-hw-mul\libgcc.a(lib2-divmod.o)
 .debug_line    0x00001cc3      0x11a c:/altera/13.0sp1/nios2eds/bin/gnu/h-i686-mingw32/bin/../lib/gcc/nios2-elf/4.1.2/mno-hw-mul\libgcc.a(lib2-mul.o)

.debug_frame    0x00000000      0x260
 *(.debug_frame)
 .debug_frame   0x00000000       0x28 obj/default/hello_world_small.o
 .debug_frame   0x00000028       0x38 ../contador_bsp/\libhal_bsp.a(alt_load.o)
 .debug_frame   0x00000060       0x28 ../contador_bsp/\libhal_bsp.a(alt_main.o)
 .debug_frame   0x00000088       0x28 ../contador_bsp/\libhal_bsp.a(alt_putstr.o)
 .debug_frame   0x000000b0       0x20 ../contador_bsp/\libhal_bsp.a(alt_usleep.o)
 .debug_frame   0x000000d0       0x38 ../contador_bsp/\libhal_bsp.a(alt_sys_init.o)
 .debug_frame   0x00000108       0x20 ../contador_bsp/\libhal_bsp.a(altera_avalon_jtag_uart_write.o)
 .debug_frame   0x00000128       0x28 ../contador_bsp/\libhal_bsp.a(alt_busy_sleep.o)
 .debug_frame   0x00000150       0x20 ../contador_bsp/\libhal_bsp.a(alt_dcache_flush_all.o)
 .debug_frame   0x00000170       0x20 ../contador_bsp/\libhal_bsp.a(alt_icache_flush_all.o)
 .debug_frame   0x00000190       0x20 ../contador_bsp/\libhal_bsp.a(altera_nios2_qsys_irq.o)
 .debug_frame   0x000001b0       0x20 c:/altera/13.0sp1/nios2eds/bin/gnu/h-i686-mingw32/bin/../lib/gcc/nios2-elf/4.1.2/../../../../nios2-elf/lib/mno-hw-mul\libsmallc.a(lib_a-strlen.o)
 .debug_frame   0x000001d0       0x70 c:/altera/13.0sp1/nios2eds/bin/gnu/h-i686-mingw32/bin/../lib/gcc/nios2-elf/4.1.2/mno-hw-mul\libgcc.a(lib2-divmod.o)
 .debug_frame   0x00000240       0x20 c:/altera/13.0sp1/nios2eds/bin/gnu/h-i686-mingw32/bin/../lib/gcc/nios2-elf/4.1.2/mno-hw-mul\libgcc.a(lib2-mul.o)

.debug_str      0x00000000      0x6cf
 *(.debug_str)
 .debug_str     0x00000000       0xbe obj/default/hello_world_small.o
                                 0xfc (size before relaxing)
 .debug_str     0x000000be      0x13e ../contador_bsp/\libhal_bsp.a(alt_load.o)
                                0x1d3 (size before relaxing)
 .debug_str     0x000001fc       0x75 ../contador_bsp/\libhal_bsp.a(alt_main.o)
                                0x157 (size before relaxing)
 .debug_str     0x00000271       0x4c ../contador_bsp/\libhal_bsp.a(alt_putstr.o)
                                0x12e (size before relaxing)
 .debug_str     0x000002bd       0x27 ../contador_bsp/\libhal_bsp.a(alt_usleep.o)
                                0x109 (size before relaxing)
 .debug_str     0x000002e4       0x85 ../contador_bsp/\libhal_bsp.a(alt_sys_init.o)
                                0x1cc (size before relaxing)
 .debug_str     0x00000369       0x56 ../contador_bsp/\libhal_bsp.a(altera_avalon_jtag_uart_write.o)
                                0x1cf (size before relaxing)
 .debug_str     0x000003bf       0x42 ../contador_bsp/\libhal_bsp.a(alt_busy_sleep.o)
                                0x12c (size before relaxing)
 .debug_str     0x00000401       0x34 ../contador_bsp/\libhal_bsp.a(alt_dcache_flush_all.o)
                                0x116 (size before relaxing)
 .debug_str     0x00000435       0x34 ../contador_bsp/\libhal_bsp.a(alt_icache_flush_all.o)
                                0x116 (size before relaxing)
 .debug_str     0x00000469       0x3b ../contador_bsp/\libhal_bsp.a(altera_nios2_qsys_irq.o)
                                0x11d (size before relaxing)
 .debug_str     0x000004a4       0xe9 c:/altera/13.0sp1/nios2eds/bin/gnu/h-i686-mingw32/bin/../lib/gcc/nios2-elf/4.1.2/../../../../nios2-elf/lib/mno-hw-mul\libsmallc.a(lib_a-strlen.o)
                                0x184 (size before relaxing)
 .debug_str     0x0000058d      0x10b c:/altera/13.0sp1/nios2eds/bin/gnu/h-i686-mingw32/bin/../lib/gcc/nios2-elf/4.1.2/mno-hw-mul\libgcc.a(lib2-divmod.o)
                                0x1b4 (size before relaxing)
 .debug_str     0x00000698       0x37 c:/altera/13.0sp1/nios2eds/bin/gnu/h-i686-mingw32/bin/../lib/gcc/nios2-elf/4.1.2/mno-hw-mul\libgcc.a(lib2-mul.o)
                                0x175 (size before relaxing)

.debug_loc      0x00000000      0x39f
 *(.debug_loc)
 .debug_loc     0x00000000       0x1f obj/default/hello_world_small.o
 .debug_loc     0x0000001f       0x1f ../contador_bsp/\libhal_bsp.a(alt_load.o)
 .debug_loc     0x0000003e       0x1f ../contador_bsp/\libhal_bsp.a(alt_main.o)
 .debug_loc     0x0000005d       0x48 ../contador_bsp/\libhal_bsp.a(alt_putstr.o)
 .debug_loc     0x000000a5       0x13 ../contador_bsp/\libhal_bsp.a(alt_usleep.o)
 .debug_loc     0x000000b8       0x32 ../contador_bsp/\libhal_bsp.a(alt_sys_init.o)
 .debug_loc     0x000000ea       0x26 ../contador_bsp/\libhal_bsp.a(altera_avalon_jtag_uart_write.o)
 .debug_loc     0x00000110       0x50 ../contador_bsp/\libhal_bsp.a(alt_busy_sleep.o)
 .debug_loc     0x00000160       0x1e c:/altera/13.0sp1/nios2eds/bin/gnu/h-i686-mingw32/bin/../lib/gcc/nios2-elf/4.1.2/../../../../nios2-elf/lib/mno-hw-mul\libsmallc.a(lib_a-strlen.o)
 .debug_loc     0x0000017e      0x1d2 c:/altera/13.0sp1/nios2eds/bin/gnu/h-i686-mingw32/bin/../lib/gcc/nios2-elf/4.1.2/mno-hw-mul\libgcc.a(lib2-divmod.o)
 .debug_loc     0x00000350       0x4f c:/altera/13.0sp1/nios2eds/bin/gnu/h-i686-mingw32/bin/../lib/gcc/nios2-elf/4.1.2/mno-hw-mul\libgcc.a(lib2-mul.o)

.debug_macinfo
 *(.debug_macinfo)

.debug_weaknames
 *(.debug_weaknames)

.debug_funcnames
 *(.debug_funcnames)

.debug_typenames
 *(.debug_typenames)

.debug_varnames
 *(.debug_varnames)

.debug_alt_sim_info
                0x00000000       0x40
 *(.debug_alt_sim_info)
 .debug_alt_sim_info
                0x00000000       0x10 ../contador_bsp//obj/HAL/src/crt0.o
 .debug_alt_sim_info
                0x00000010       0x30 ../contador_bsp/\libhal_bsp.a(alt_busy_sleep.o)
                0x0000ce20                __alt_data_end = 0xce20
                0x0000ce20                PROVIDE (__alt_stack_pointer, __alt_data_end)
                0x00008458                PROVIDE (__alt_stack_limit, __alt_stack_base)
                0x00008458                PROVIDE (__alt_heap_start, end)
                0x0000ce20                PROVIDE (__alt_heap_limit, 0xce20)
OUTPUT(contador.elf elf32-littlenios2)

.debug_ranges   0x00000000       0x20
 .debug_ranges  0x00000000       0x20 ../contador_bsp//obj/HAL/src/crt0.o
