
**** Build of configuration Nios II for project contador ****

make mem_init_generate 
      1 [main] sh 4120 find_fast_cwd: WARNING: Couldn't compute FAST_CWD pointer.  Please report this problem to
the public mailing list cygwin@cygwin.com
      1 [main] sh 6868 find_fast_cwd: WARNING: Couldn't compute FAST_CWD pointer.  Please report this problem to
the public mailing list cygwin@cygwin.com
      1 [main] echo 8820 find_fast_cwd: WARNING: Couldn't compute FAST_CWD pointer.  Please report this problem to
the public mailing list cygwin@cygwin.com
Info: Building ../contador_bsp/
make --no-print-directory -C ../contador_bsp/
      1 [main] pwd 13900 find_fast_cwd: WARNING: Couldn't compute FAST_CWD pointer.  Please report this problem to
the public mailing list cygwin@cygwin.com
      1 [main] sh 10664 find_fast_cwd: WARNING: Couldn't compute FAST_CWD pointer.  Please report this problem to
the public mailing list cygwin@cygwin.com
      1 [main] sh 14548 find_fast_cwd: WARNING: Couldn't compute FAST_CWD pointer.  Please report this problem to
the public mailing list cygwin@cygwin.com
[BSP build complete]
      1 [main] true 9548 find_fast_cwd: WARNING: Couldn't compute FAST_CWD pointer.  Please report this problem to
the public mailing list cygwin@cygwin.com
      1 [main] echo 5804 find_fast_cwd: WARNING: Couldn't compute FAST_CWD pointer.  Please report this problem to
Post-processing to create mem_init/nios_ii_onchip_memory2_0.hex...
the public mailing list cygwin@cygwin.com
      1 [main] mkdir 2192 find_fast_cwd: WARNING: Couldn't compute FAST_CWD pointer.  Please report this problem to
bash -c 'elf2hex contador.elf 0x00008000 0x0000ce1f --width=32 \
the public mailing list cygwin@cygwin.com
		--little-endian-mem --create-lanes=0  mem_init/nios_ii_onchip_memory2_0.hex'
      1 [main] bash 11072 find_fast_cwd: WARNING: Couldn't compute FAST_CWD pointer.  Please report this problem to
the public mailing list cygwin@cygwin.com
      1 [main] echo 6836 find_fast_cwd: WARNING: Couldn't compute FAST_CWD pointer.  Please report this problem to
Post-processing to create mem_init/hdl_sim/nios_ii_onchip_memory2_0.dat...
the public mailing list cygwin@cygwin.com
      1 [main] mkdir 11440 find_fast_cwd: WARNING: Couldn't compute FAST_CWD pointer.  Please report this problem to
the public mailing list cygwin@cygwin.com
bash -c 'elf2dat --infile=contador.elf --outfile=mem_init/hdl_sim/nios_ii_onchip_memory2_0.dat \
		--base=0x00008000 --end=0x0000ce1f --width=32 \
		--little-endian-mem --create-lanes=0 '
      1 [main] bash 6284 find_fast_cwd: WARNING: Couldn't compute FAST_CWD pointer.  Please report this problem to
the public mailing list cygwin@cygwin.com
      1 [main] echo 10540 find_fast_cwd: WARNING: Couldn't compute FAST_CWD pointer.  Please report this problem to
Post-processing to create mem_init/hdl_sim/nios_ii_onchip_memory2_0.sym...
the public mailing list cygwin@cygwin.com
      1 [main] mkdir 1748 find_fast_cwd: WARNING: Couldn't compute FAST_CWD pointer.  Please report this problem to
the public mailing list cygwin@cygwin.com
nios2-elf-nm -n contador.elf > mem_init/hdl_sim/nios_ii_onchip_memory2_0.sym
      1 [main] sh 9348 find_fast_cwd: WARNING: Couldn't compute FAST_CWD pointer.  Please report this problem to
the public mailing list cygwin@cygwin.com
      1 [main] echo 1324 find_fast_cwd: WARNING: Couldn't compute FAST_CWD pointer.  Please report this problem to
Post-processing to create mem_init/meminit.spd...
the public mailing list cygwin@cygwin.com
      1 [main] mkdir 9060 find_fast_cwd: WARNING: Couldn't compute FAST_CWD pointer.  Please report this problem to
the public mailing list cygwin@cygwin.com
      1 [main] rm 3452 find_fast_cwd: WARNING: Couldn't compute FAST_CWD pointer.  Please report this problem to
the public mailing list cygwin@cygwin.com
      1 [main] sh 9812 find_fast_cwd: WARNING: Couldn't compute FAST_CWD pointer.  Please report this problem to
the public mailing list cygwin@cygwin.com
      1 [main] sh 4792 find_fast_cwd: WARNING: Couldn't compute FAST_CWD pointer.  Please report this problem to
the public mailing list cygwin@cygwin.com
      1 [main] sh 1012 find_fast_cwd: WARNING: Couldn't compute FAST_CWD pointer.  Please report this problem to
the public mailing list cygwin@cygwin.com
      1 [main] sh 2684 find_fast_cwd: WARNING: Couldn't compute FAST_CWD pointer.  Please report this problem to
the public mailing list cygwin@cygwin.com
      1 [main] sh 11420 find_fast_cwd: WARNING: Couldn't compute FAST_CWD pointer.  Please report this problem to
the public mailing list cygwin@cygwin.com
      0 [main] echo 11724 find_fast_cwd: WARNING: Couldn't compute FAST_CWD pointer.  Please report this problem to
Post-processing to create mem_init/meminit.qip...
the public mailing list cygwin@cygwin.com
      1 [main] mkdir 968 find_fast_cwd: WARNING: Couldn't compute FAST_CWD pointer.  Please report this problem to
the public mailing list cygwin@cygwin.com
      1 [main] rm 13968 find_fast_cwd: WARNING: Couldn't compute FAST_CWD pointer.  Please report this problem to
the public mailing list cygwin@cygwin.com
      1 [main] sh 8532 find_fast_cwd: WARNING: Couldn't compute FAST_CWD pointer.  Please report this problem to
the public mailing list cygwin@cygwin.com

**** Build Finished ****
