Flow report for soft_processor_somador
Fri Jun 12 20:56:26 2026
Quartus II 32-bit Version 13.0.1 Build 232 06/12/2013 Service Pack 1 SJ Web Edition


---------------------
; Table of Contents ;
---------------------
  1. Legal Notice
  2. Flow Summary
  3. Flow Settings
  4. Flow Non-Default Global Settings
  5. Flow Elapsed Time
  6. Flow OS Summary
  7. Flow Log
  8. Flow Messages
  9. Flow Suppressed Messages



----------------
; Legal Notice ;
----------------
Copyright (C) 1991-2013 Altera Corporation
Your use of Altera Corporation's design tools, logic functions 
and other software and tools, and its AMPP partner logic 
functions, and any output files from any of the foregoing 
(including device programming or simulation files), and any 
associated documentation or information are expressly subject 
to the terms and conditions of the Altera Program License 
Subscription Agreement, Altera MegaCore Function License 
Agreement, or other applicable license agreement, including, 
without limitation, that your use is for the sole purpose of 
programming logic devices manufactured by Altera and sold by 
Altera or its authorized distributors.  Please refer to the 
applicable agreement for further details.



+--------------------------------------------------------------------------------------+
; Flow Summary                                                                         ;
+------------------------------------+-------------------------------------------------+
; Flow Status                        ; Successful - Fri Jun 12 20:56:24 2026           ;
; Quartus II 32-bit Version          ; 13.0.1 Build 232 06/12/2013 SP 1 SJ Web Edition ;
; Revision Name                      ; soft_processor_somador                          ;
; Top-level Entity Name              ; soft_processor_somador                          ;
; Family                             ; Cyclone II                                      ;
; Device                             ; EP2C35F672C6                                    ;
; Timing Models                      ; Final                                           ;
; Total logic elements               ; 1,919 / 33,216 ( 6 % )                          ;
;     Total combinational functions  ; 1,782 / 33,216 ( 5 % )                          ;
;     Dedicated logic registers      ; 1,078 / 33,216 ( 3 % )                          ;
; Total registers                    ; 1078                                            ;
; Total pins                         ; 68 / 475 ( 14 % )                               ;
; Total virtual pins                 ; 0                                               ;
; Total memory bits                  ; 171,264 / 483,840 ( 35 % )                      ;
; Embedded Multiplier 9-bit elements ; 0 / 70 ( 0 % )                                  ;
; Total PLLs                         ; 0 / 4 ( 0 % )                                   ;
+------------------------------------+-------------------------------------------------+


+--------------------------------------------+
; Flow Settings                              ;
+-------------------+------------------------+
; Option            ; Setting                ;
+-------------------+------------------------+
; Start date & time ; 06/12/2026 20:55:48    ;
; Main task         ; Compilation            ;
; Revision Name     ; soft_processor_somador ;
+-------------------+------------------------+


+----------------------------------------------------------------------------------------------------------------------------------------------------------------+
; Flow Non-Default Global Settings                                                                                                                               ;
+-------------------------------------+-----------------------------------------------------------+---------------+---------------------------------+------------+
; Assignment Name                     ; Value                                                     ; Default Value ; Entity Name                     ; Section Id ;
+-------------------------------------+-----------------------------------------------------------+---------------+---------------------------------+------------+
; COMPILER_SIGNATURE_ID               ; 0.178130854804611                                         ; --            ; --                              ; --         ;
; IP_TOOL_ENV                         ; Qsys                                                      ; --            ; altera_avalon_sc_fifo           ; --         ;
; IP_TOOL_ENV                         ; Qsys                                                      ; --            ; altera_merlin_master_agent      ; --         ;
; IP_TOOL_ENV                         ; Qsys                                                      ; --            ; altera_merlin_master_translator ; --         ;
; IP_TOOL_ENV                         ; Qsys                                                      ; --            ; altera_merlin_slave_agent       ; --         ;
; IP_TOOL_ENV                         ; Qsys                                                      ; --            ; altera_merlin_slave_translator  ; --         ;
; IP_TOOL_ENV                         ; Qsys                                                      ; --            ; altera_reset_controller         ; --         ;
; IP_TOOL_ENV                         ; Qsys                                                      ; --            ; nios_ii                         ; --         ;
; IP_TOOL_ENV                         ; Qsys                                                      ; --            ; nios_ii_addr_router             ; --         ;
; IP_TOOL_ENV                         ; Qsys                                                      ; --            ; nios_ii_addr_router_001         ; --         ;
; IP_TOOL_ENV                         ; Qsys                                                      ; --            ; nios_ii_cmd_xbar_demux          ; --         ;
; IP_TOOL_ENV                         ; Qsys                                                      ; --            ; nios_ii_cmd_xbar_demux_001      ; --         ;
; IP_TOOL_ENV                         ; Qsys                                                      ; --            ; nios_ii_cmd_xbar_mux            ; --         ;
; IP_TOOL_ENV                         ; Qsys                                                      ; --            ; nios_ii_hex0                    ; --         ;
; IP_TOOL_ENV                         ; Qsys                                                      ; --            ; nios_ii_id_router               ; --         ;
; IP_TOOL_ENV                         ; Qsys                                                      ; --            ; nios_ii_id_router_002           ; --         ;
; IP_TOOL_ENV                         ; Qsys                                                      ; --            ; nios_ii_irq_mapper              ; --         ;
; IP_TOOL_ENV                         ; Qsys                                                      ; --            ; nios_ii_jtag_uart_0             ; --         ;
; IP_TOOL_ENV                         ; Qsys                                                      ; --            ; nios_ii_nios2_qsys_0            ; --         ;
; IP_TOOL_ENV                         ; Qsys                                                      ; --            ; nios_ii_onchip_memory2_0        ; --         ;
; IP_TOOL_ENV                         ; Qsys                                                      ; --            ; nios_ii_rsp_xbar_demux_002      ; --         ;
; IP_TOOL_ENV                         ; Qsys                                                      ; --            ; nios_ii_rsp_xbar_mux            ; --         ;
; IP_TOOL_ENV                         ; Qsys                                                      ; --            ; nios_ii_rsp_xbar_mux_001        ; --         ;
; IP_TOOL_ENV                         ; Qsys                                                      ; --            ; nios_ii_switches                ; --         ;
; IP_TOOL_ENV                         ; Qsys                                                      ; --            ; nios_ii_sysid_qsys_0            ; --         ;
; IP_TOOL_NAME                        ; altera_avalon_sc_fifo                                     ; --            ; altera_avalon_sc_fifo           ; --         ;
; IP_TOOL_NAME                        ; altera_merlin_master_agent                                ; --            ; altera_merlin_master_agent      ; --         ;
; IP_TOOL_NAME                        ; altera_merlin_master_translator                           ; --            ; altera_merlin_master_translator ; --         ;
; IP_TOOL_NAME                        ; altera_merlin_slave_agent                                 ; --            ; altera_merlin_slave_agent       ; --         ;
; IP_TOOL_NAME                        ; altera_merlin_slave_translator                            ; --            ; altera_merlin_slave_translator  ; --         ;
; IP_TOOL_NAME                        ; altera_reset_controller                                   ; --            ; altera_reset_controller         ; --         ;
; IP_TOOL_NAME                        ; Qsys                                                      ; --            ; nios_ii                         ; --         ;
; IP_TOOL_NAME                        ; altera_merlin_router                                      ; --            ; nios_ii_addr_router             ; --         ;
; IP_TOOL_NAME                        ; altera_merlin_router                                      ; --            ; nios_ii_addr_router_001         ; --         ;
; IP_TOOL_NAME                        ; altera_merlin_demultiplexer                               ; --            ; nios_ii_cmd_xbar_demux          ; --         ;
; IP_TOOL_NAME                        ; altera_merlin_demultiplexer                               ; --            ; nios_ii_cmd_xbar_demux_001      ; --         ;
; IP_TOOL_NAME                        ; altera_merlin_multiplexer                                 ; --            ; nios_ii_cmd_xbar_mux            ; --         ;
; IP_TOOL_NAME                        ; altera_avalon_pio                                         ; --            ; nios_ii_hex0                    ; --         ;
; IP_TOOL_NAME                        ; altera_merlin_router                                      ; --            ; nios_ii_id_router               ; --         ;
; IP_TOOL_NAME                        ; altera_merlin_router                                      ; --            ; nios_ii_id_router_002           ; --         ;
; IP_TOOL_NAME                        ; altera_irq_mapper                                         ; --            ; nios_ii_irq_mapper              ; --         ;
; IP_TOOL_NAME                        ; altera_avalon_jtag_uart                                   ; --            ; nios_ii_jtag_uart_0             ; --         ;
; IP_TOOL_NAME                        ; altera_nios2_qsys                                         ; --            ; nios_ii_nios2_qsys_0            ; --         ;
; IP_TOOL_NAME                        ; altera_avalon_onchip_memory2                              ; --            ; nios_ii_onchip_memory2_0        ; --         ;
; IP_TOOL_NAME                        ; altera_merlin_demultiplexer                               ; --            ; nios_ii_rsp_xbar_demux_002      ; --         ;
; IP_TOOL_NAME                        ; altera_merlin_multiplexer                                 ; --            ; nios_ii_rsp_xbar_mux            ; --         ;
; IP_TOOL_NAME                        ; altera_merlin_multiplexer                                 ; --            ; nios_ii_rsp_xbar_mux_001        ; --         ;
; IP_TOOL_NAME                        ; altera_avalon_pio                                         ; --            ; nios_ii_switches                ; --         ;
; IP_TOOL_NAME                        ; altera_avalon_sysid_qsys                                  ; --            ; nios_ii_sysid_qsys_0            ; --         ;
; IP_TOOL_VERSION                     ; 13.0                                                      ; --            ; altera_avalon_sc_fifo           ; --         ;
; IP_TOOL_VERSION                     ; 13.0                                                      ; --            ; altera_merlin_master_agent      ; --         ;
; IP_TOOL_VERSION                     ; 13.0                                                      ; --            ; altera_merlin_master_translator ; --         ;
; IP_TOOL_VERSION                     ; 13.0                                                      ; --            ; altera_merlin_slave_agent       ; --         ;
; IP_TOOL_VERSION                     ; 13.0                                                      ; --            ; altera_merlin_slave_translator  ; --         ;
; IP_TOOL_VERSION                     ; 13.0                                                      ; --            ; altera_reset_controller         ; --         ;
; IP_TOOL_VERSION                     ; 13.0sp1                                                   ; --            ; nios_ii                         ; --         ;
; IP_TOOL_VERSION                     ; 13.0                                                      ; --            ; nios_ii_addr_router             ; --         ;
; IP_TOOL_VERSION                     ; 13.0                                                      ; --            ; nios_ii_addr_router_001         ; --         ;
; IP_TOOL_VERSION                     ; 13.0                                                      ; --            ; nios_ii_cmd_xbar_demux          ; --         ;
; IP_TOOL_VERSION                     ; 13.0                                                      ; --            ; nios_ii_cmd_xbar_demux_001      ; --         ;
; IP_TOOL_VERSION                     ; 13.0                                                      ; --            ; nios_ii_cmd_xbar_mux            ; --         ;
; IP_TOOL_VERSION                     ; 13.0.1.99.2                                               ; --            ; nios_ii_hex0                    ; --         ;
; IP_TOOL_VERSION                     ; 13.0                                                      ; --            ; nios_ii_id_router               ; --         ;
; IP_TOOL_VERSION                     ; 13.0                                                      ; --            ; nios_ii_id_router_002           ; --         ;
; IP_TOOL_VERSION                     ; 13.0                                                      ; --            ; nios_ii_irq_mapper              ; --         ;
; IP_TOOL_VERSION                     ; 13.0.1.99.2                                               ; --            ; nios_ii_jtag_uart_0             ; --         ;
; IP_TOOL_VERSION                     ; 13.0                                                      ; --            ; nios_ii_nios2_qsys_0            ; --         ;
; IP_TOOL_VERSION                     ; 13.0.1.99.2                                               ; --            ; nios_ii_onchip_memory2_0        ; --         ;
; IP_TOOL_VERSION                     ; 13.0                                                      ; --            ; nios_ii_rsp_xbar_demux_002      ; --         ;
; IP_TOOL_VERSION                     ; 13.0                                                      ; --            ; nios_ii_rsp_xbar_mux            ; --         ;
; IP_TOOL_VERSION                     ; 13.0                                                      ; --            ; nios_ii_rsp_xbar_mux_001        ; --         ;
; IP_TOOL_VERSION                     ; 13.0.1.99.2                                               ; --            ; nios_ii_switches                ; --         ;
; IP_TOOL_VERSION                     ; 13.0                                                      ; --            ; nios_ii_sysid_qsys_0            ; --         ;
; MAX_CORE_JUNCTION_TEMP              ; 85                                                        ; --            ; --                              ; --         ;
; MIN_CORE_JUNCTION_TEMP              ; 0                                                         ; --            ; --                              ; --         ;
; MISC_FILE                           ; nios_ii/synthesis/../../nios_ii.cmp                       ; --            ; --                              ; --         ;
; MISC_FILE                           ; nios_ii/synthesis/../../nios_ii.qsys                      ; --            ; --                              ; --         ;
; PARTITION_COLOR                     ; 16764057                                                  ; --            ; --                              ; Top        ;
; PARTITION_FITTER_PRESERVATION_LEVEL ; PLACEMENT_AND_ROUTING                                     ; --            ; --                              ; Top        ;
; PARTITION_NETLIST_TYPE              ; SOURCE                                                    ; --            ; --                              ; Top        ;
; PROJECT_OUTPUT_DIRECTORY            ; output_files                                              ; --            ; --                              ; --         ;
; SEARCH_PATH                         ; nios_ii/synthesis/                                        ; --            ; --                              ; --         ;
; SEARCH_PATH                         ; nios_ii/synthesis/submodules/                             ; --            ; --                              ; --         ;
; SLD_INFO                            ; QSYS_NAME nios_ii HAS_SOPCINFO 1 GENERATION_ID 1781308523 ; --            ; nios_ii                         ; --         ;
; SOPCINFO_FILE                       ; nios_ii/synthesis/../../nios_ii.sopcinfo                  ; --            ; --                              ; --         ;
; SYNTHESIS_ONLY_QIP                  ; On                                                        ; --            ; --                              ; --         ;
+-------------------------------------+-----------------------------------------------------------+---------------+---------------------------------+------------+


+-------------------------------------------------------------------------------------------------------------------------------+
; Flow Elapsed Time                                                                                                             ;
+---------------------------+--------------+-------------------------+---------------------+------------------------------------+
; Module Name               ; Elapsed Time ; Average Processors Used ; Peak Virtual Memory ; Total CPU Time (on all processors) ;
+---------------------------+--------------+-------------------------+---------------------+------------------------------------+
; Analysis & Synthesis      ; 00:00:14     ; 1.0                     ; 427 MB              ; 00:00:12                           ;
; Fitter                    ; 00:00:14     ; 1.0                     ; 498 MB              ; 00:00:12                           ;
; Assembler                 ; 00:00:02     ; 1.0                     ; 357 MB              ; 00:00:02                           ;
; TimeQuest Timing Analyzer ; 00:00:01     ; 1.0                     ; 332 MB              ; 00:00:01                           ;
; Total                     ; 00:00:31     ; --                      ; --                  ; 00:00:27                           ;
+---------------------------+--------------+-------------------------+---------------------+------------------------------------+


+-----------------------------------------------------------------------------------------------+
; Flow OS Summary                                                                               ;
+---------------------------+------------------+------------------+------------+----------------+
; Module Name               ; Machine Hostname ; OS Name          ; OS Version ; Processor type ;
+---------------------------+------------------+------------------+------------+----------------+
; Analysis & Synthesis      ; cerberus         ; Debian GNU/Linux ; 13         ; x86_64         ;
; Fitter                    ; cerberus         ; Debian GNU/Linux ; 13         ; x86_64         ;
; Assembler                 ; cerberus         ; Debian GNU/Linux ; 13         ; x86_64         ;
; TimeQuest Timing Analyzer ; cerberus         ; Debian GNU/Linux ; 13         ; x86_64         ;
+---------------------------+------------------+------------------+------------+----------------+


------------
; Flow Log ;
------------
quartus_map --read_settings_files=on --write_settings_files=off soft_processor_somador -c soft_processor_somador
quartus_fit --read_settings_files=off --write_settings_files=off soft_processor_somador -c soft_processor_somador
quartus_asm --read_settings_files=off --write_settings_files=off soft_processor_somador -c soft_processor_somador
quartus_sta soft_processor_somador -c soft_processor_somador



