Info: Starting: Create block symbol file (.bsf)
Info: ip-generate --project-directory=/home/murilo/Desktop/projetos/soft-processor/src/ --output-directory=/home/murilo/Desktop/projetos/soft-processor/src/nios_ii/ --report-file=bsf:/home/murilo/Desktop/projetos/soft-processor/src/nios_ii.bsf --system-info=DEVICE_FAMILY="Cyclone II" --system-info=DEVICE=EP2C35F672C6 --system-info=DEVICE_SPEEDGRADE=6 --component-file=/home/murilo/Desktop/projetos/soft-processor/src/nios_ii.qsys
Progress: Loading src/nios_ii.qsys
Progress: Reading input file
Progress: Adding clk_0 [clock_source 13.0]
Progress: Parameterizing module clk_0
Progress: Adding nios2_qsys_0 [altera_nios2_qsys 13.0]
Progress: Parameterizing module nios2_qsys_0
Progress: Adding onchip_memory2_0 [altera_avalon_onchip_memory2 13.0.1.99.2]
Progress: Parameterizing module onchip_memory2_0
Progress: Adding jtag_uart_0 [altera_avalon_jtag_uart 13.0.1.99.2]
Progress: Parameterizing module jtag_uart_0
Progress: Adding sysid_qsys_0 [altera_avalon_sysid_qsys 13.0]
Progress: Parameterizing module sysid_qsys_0
Progress: Adding hex0 [altera_avalon_pio 13.0.1.99.2]
Progress: Parameterizing module hex0
Progress: Adding hex1 [altera_avalon_pio 13.0.1.99.2]
Progress: Parameterizing module hex1
Progress: Adding hex2 [altera_avalon_pio 13.0.1.99.2]
Progress: Parameterizing module hex2
Progress: Adding hex4 [altera_avalon_pio 13.0.1.99.2]
Progress: Parameterizing module hex4
Progress: Adding hex5 [altera_avalon_pio 13.0.1.99.2]
Progress: Parameterizing module hex5
Progress: Adding hex6 [altera_avalon_pio 13.0.1.99.2]
Progress: Parameterizing module hex6
Progress: Adding hex7 [altera_avalon_pio 13.0.1.99.2]
Progress: Parameterizing module hex7
Progress: Adding switches [altera_avalon_pio 13.0.1.99.2]
Progress: Parameterizing module switches
Progress: Building connections
Progress: Parameterizing connections
Progress: Validating
Progress: Done reading input file
Info: nios_ii.sysid_qsys_0: System ID is not assigned automatically. Edit the System ID parameter to provide a unique ID
Info: nios_ii.sysid_qsys_0: Time stamp will be automatically updated when this component is generated.
Info: nios_ii.switches: PIO inputs are not hardwired in test bench. Undefined values will be read from PIO inputs during simulation.
Info: ip-generate succeeded.
Info: Finished: Create block symbol file (.bsf)
Info: 
Info: Starting: Create HDL design files for synthesis
Info: ip-generate --project-directory=/home/murilo/Desktop/projetos/soft-processor/src/ --output-directory=/home/murilo/Desktop/projetos/soft-processor/src/nios_ii/synthesis/ --file-set=QUARTUS_SYNTH --report-file=sopcinfo:/home/murilo/Desktop/projetos/soft-processor/src/nios_ii.sopcinfo --report-file=html:/home/murilo/Desktop/projetos/soft-processor/src/nios_ii.html --report-file=qip:/home/murilo/Desktop/projetos/soft-processor/src/nios_ii/synthesis/nios_ii.qip --report-file=cmp:/home/murilo/Desktop/projetos/soft-processor/src/nios_ii.cmp --report-file=svd --system-info=DEVICE_FAMILY="Cyclone II" --system-info=DEVICE=EP2C35F672C6 --system-info=DEVICE_SPEEDGRADE=6 --component-file=/home/murilo/Desktop/projetos/soft-processor/src/nios_ii.qsys --language=VHDL
Progress: Loading src/nios_ii.qsys
Progress: Reading input file
Progress: Adding clk_0 [clock_source 13.0]
Progress: Parameterizing module clk_0
Progress: Adding nios2_qsys_0 [altera_nios2_qsys 13.0]
Progress: Parameterizing module nios2_qsys_0
Progress: Adding onchip_memory2_0 [altera_avalon_onchip_memory2 13.0.1.99.2]
Progress: Parameterizing module onchip_memory2_0
Progress: Adding jtag_uart_0 [altera_avalon_jtag_uart 13.0.1.99.2]
Progress: Parameterizing module jtag_uart_0
Progress: Adding sysid_qsys_0 [altera_avalon_sysid_qsys 13.0]
Progress: Parameterizing module sysid_qsys_0
Progress: Adding hex0 [altera_avalon_pio 13.0.1.99.2]
Progress: Parameterizing module hex0
Progress: Adding hex1 [altera_avalon_pio 13.0.1.99.2]
Progress: Parameterizing module hex1
Progress: Adding hex2 [altera_avalon_pio 13.0.1.99.2]
Progress: Parameterizing module hex2
Progress: Adding hex4 [altera_avalon_pio 13.0.1.99.2]
Progress: Parameterizing module hex4
Progress: Adding hex5 [altera_avalon_pio 13.0.1.99.2]
Progress: Parameterizing module hex5
Progress: Adding hex6 [altera_avalon_pio 13.0.1.99.2]
Progress: Parameterizing module hex6
Progress: Adding hex7 [altera_avalon_pio 13.0.1.99.2]
Progress: Parameterizing module hex7
Progress: Adding switches [altera_avalon_pio 13.0.1.99.2]
Progress: Parameterizing module switches
Progress: Building connections
Progress: Parameterizing connections
Progress: Validating
Progress: Done reading input file
Info: nios_ii.sysid_qsys_0: System ID is not assigned automatically. Edit the System ID parameter to provide a unique ID
Info: nios_ii.sysid_qsys_0: Time stamp will be automatically updated when this component is generated.
Info: nios_ii.switches: PIO inputs are not hardwired in test bench. Undefined values will be read from PIO inputs during simulation.
Info: nios_ii: Generating nios_ii "nios_ii" for QUARTUS_SYNTH
Info: pipeline_bridge_swap_transform: After transform: 13 modules, 41 connections
Info: No custom instruction connections, skipping transform 
Info: merlin_translator_transform: After transform: 27 modules, 87 connections
Info: merlin_domain_transform: After transform: 54 modules, 241 connections
Info: merlin_router_transform: After transform: 68 modules, 287 connections
Info: reset_adaptation_transform: After transform: 70 modules, 272 connections
Info: merlin_network_to_switch_transform: After transform: 97 modules, 328 connections
Info: merlin_mm_transform: After transform: 97 modules, 328 connections
Info: merlin_interrupt_mapper_transform: After transform: 98 modules, 331 connections
Warning: nios_ii: "No matching role found for rst_controller_001:reset_out:reset_req (reset_req)"
Warning: nios_ii: "No matching role found for rst_controller_001:reset_out:reset_req (reset_req)"
Warning: nios_ii: "No matching role found for rst_controller_001:reset_out:reset_req (reset_req)"
Warning: nios_ii: "No matching role found for rst_controller_001:reset_out:reset_req (reset_req)"
Warning: nios_ii: "No matching role found for rst_controller_001:reset_out:reset_req (reset_req)"
Warning: nios_ii: "No matching role found for rst_controller_001:reset_out:reset_req (reset_req)"
Warning: nios_ii: "No matching role found for rst_controller_001:reset_out:reset_req (reset_req)"
Warning: nios_ii: "No matching role found for rst_controller_001:reset_out:reset_req (reset_req)"
Warning: nios_ii: "No matching role found for rst_controller_001:reset_out:reset_req (reset_req)"
Warning: nios_ii: "No matching role found for rst_controller_001:reset_out:reset_req (reset_req)"
Warning: nios_ii: "No matching role found for rst_controller_001:reset_out:reset_req (reset_req)"
Warning: nios_ii: "No matching role found for rst_controller_001:reset_out:reset_req (reset_req)"
Warning: nios_ii: "No matching role found for rst_controller_001:reset_out:reset_req (reset_req)"
Warning: nios_ii: "No matching role found for rst_controller_001:reset_out:reset_req (reset_req)"
Warning: nios_ii: "No matching role found for rst_controller_001:reset_out:reset_req (reset_req)"
Warning: nios_ii: "No matching role found for rst_controller_001:reset_out:reset_req (reset_req)"
Warning: nios_ii: "No matching role found for rst_controller_001:reset_out:reset_req (reset_req)"
Warning: nios_ii: "No matching role found for rst_controller_001:reset_out:reset_req (reset_req)"
Warning: nios_ii: "No matching role found for rst_controller_001:reset_out:reset_req (reset_req)"
Warning: nios_ii: "No matching role found for rst_controller_001:reset_out:reset_req (reset_req)"
Warning: nios_ii: "No matching role found for rst_controller_001:reset_out:reset_req (reset_req)"
Warning: nios_ii: "No matching role found for rst_controller_001:reset_out:reset_req (reset_req)"
Warning: nios_ii: "No matching role found for rst_controller_001:reset_out:reset_req (reset_req)"
Warning: nios_ii: "No matching role found for rst_controller_001:reset_out:reset_req (reset_req)"
Warning: nios_ii: "No matching role found for rst_controller_001:reset_out:reset_req (reset_req)"
Warning: nios_ii: "No matching role found for rst_controller_001:reset_out:reset_req (reset_req)"
Warning: nios_ii: "No matching role found for rst_controller_001:reset_out:reset_req (reset_req)"
Warning: nios_ii: "No matching role found for rst_controller_001:reset_out:reset_req (reset_req)"
Warning: nios_ii: "No matching role found for rst_controller_001:reset_out:reset_req (reset_req)"
Warning: nios_ii: "No matching role found for rst_controller_001:reset_out:reset_req (reset_req)"
Warning: nios_ii: "No matching role found for rst_controller_001:reset_out:reset_req (reset_req)"
Warning: nios_ii: "No matching role found for rst_controller_001:reset_out:reset_req (reset_req)"
Warning: nios_ii: "No matching role found for rst_controller_001:reset_out:reset_req (reset_req)"
Warning: nios_ii: "No matching role found for rst_controller_001:reset_out:reset_req (reset_req)"
Warning: nios_ii: "No matching role found for rst_controller_001:reset_out:reset_req (reset_req)"
Warning: nios_ii: "No matching role found for rst_controller_001:reset_out:reset_req (reset_req)"
Warning: nios_ii: "No matching role found for rst_controller_001:reset_out:reset_req (reset_req)"
Warning: nios_ii: "No matching role found for rst_controller_001:reset_out:reset_req (reset_req)"
Warning: nios_ii: "No matching role found for rst_controller_001:reset_out:reset_req (reset_req)"
Warning: nios_ii: "No matching role found for rst_controller_001:reset_out:reset_req (reset_req)"
Warning: nios_ii: "No matching role found for rst_controller_001:reset_out:reset_req (reset_req)"
Warning: nios_ii: "No matching role found for rst_controller_001:reset_out:reset_req (reset_req)"
Warning: nios_ii: "No matching role found for rst_controller_001:reset_out:reset_req (reset_req)"
Warning: nios_ii: "No matching role found for rst_controller_001:reset_out:reset_req (reset_req)"
Warning: nios_ii: "No matching role found for rst_controller_001:reset_out:reset_req (reset_req)"
Warning: nios_ii: "No matching role found for rst_controller_001:reset_out:reset_req (reset_req)"
Warning: nios_ii: "No matching role found for rst_controller_001:reset_out:reset_req (reset_req)"
Warning: nios_ii: "No matching role found for rst_controller_001:reset_out:reset_req (reset_req)"
Warning: nios_ii: "No matching role found for rst_controller_001:reset_out:reset_req (reset_req)"
Warning: nios_ii: "No matching role found for rst_controller_001:reset_out:reset_req (reset_req)"
Warning: nios_ii: "No matching role found for rst_controller_001:reset_out:reset_req (reset_req)"
Warning: nios_ii: "No matching role found for rst_controller_001:reset_out:reset_req (reset_req)"
Warning: nios_ii: "No matching role found for rst_controller_001:reset_out:reset_req (reset_req)"
Warning: nios_ii: "No matching role found for rst_controller_001:reset_out:reset_req (reset_req)"
Warning: nios_ii: "No matching role found for rst_controller_001:reset_out:reset_req (reset_req)"
Warning: nios_ii: "No matching role found for rst_controller_001:reset_out:reset_req (reset_req)"
Warning: nios_ii: "No matching role found for rst_controller_001:reset_out:reset_req (reset_req)"
Warning: nios_ii: "No matching role found for rst_controller_001:reset_out:reset_req (reset_req)"
Warning: nios_ii: "No matching role found for rst_controller_001:reset_out:reset_req (reset_req)"
Warning: nios_ii: "No matching role found for rst_controller_001:reset_out:reset_req (reset_req)"
Warning: nios_ii: "No matching role found for rst_controller_001:reset_out:reset_req (reset_req)"
Warning: nios_ii: "No matching role found for rst_controller_001:reset_out:reset_req (reset_req)"
Warning: nios_ii: "No matching role found for rst_controller_001:reset_out:reset_req (reset_req)"
Warning: nios_ii: "No matching role found for rst_controller_001:reset_out:reset_req (reset_req)"
Warning: nios_ii: "No matching role found for rst_controller_001:reset_out:reset_req (reset_req)"
Warning: nios_ii: "No matching role found for rst_controller_001:reset_out:reset_req (reset_req)"
Warning: nios_ii: "No matching role found for rst_controller_001:reset_out:reset_req (reset_req)"
Warning: nios_ii: "No matching role found for rst_controller_001:reset_out:reset_req (reset_req)"
Warning: nios_ii: "No matching role found for rst_controller_001:reset_out:reset_req (reset_req)"
Info: nios2_qsys_0: Starting RTL generation for module 'nios_ii_nios2_qsys_0'
Info: nios2_qsys_0:   Generation command is [exec /home/murilo/Desktop/quartus/quartus/../ip/altera/nios2_ip/altera_nios2/eperl -I /home/murilo/Desktop/quartus/quartus/common/ip/altera/common/perl/5.8.3 -I /home/murilo/Desktop/quartus/quartus/sopc_builder/bin/europa -I /home/murilo/Desktop/quartus/quartus/sopc_builder/bin/perl_lib -I /home/murilo/Desktop/quartus/quartus/sopc_builder/bin -I /home/murilo/Desktop/quartus/quartus/../ip/altera/nios2_ip/altera_nios2/cpu_lib -I /home/murilo/Desktop/quartus/quartus/../ip/altera/nios2_ip/altera_nios2/nios_lib -I /home/murilo/Desktop/quartus/quartus/../ip/altera/nios2_ip/altera_nios2 -I /home/murilo/Desktop/quartus/quartus/../ip/altera/nios2_ip/altera_nios2 -- /home/murilo/Desktop/quartus/quartus/../ip/altera/nios2_ip/altera_nios2/generate_rtl.epl --name=nios_ii_nios2_qsys_0 --dir=/tmp/alt0616_1203530129303473328.dir/0001_nios2_qsys_0_gen/ --quartus_dir=/home/murilo/Desktop/quartus/quartus --verilog --config=/tmp/alt0616_1203530129303473328.dir/0001_nios2_qsys_0_gen//nios_ii_nios2_qsys_0_processor_configuration.pl  --do_build_sim=0    --bogus  ]
Info: nios2_qsys_0: # 2026.06.12 20:55:27 (*) Starting Nios II generation
Info: nios2_qsys_0: # 2026.06.12 20:55:27 (*)   Checking for plaintext license.
Info: nios2_qsys_0: # 2026.06.12 20:55:28 (*)   Couldn't query license setup in Quartus directory /home/murilo/Desktop/quartus/quartus
Info: nios2_qsys_0: # 2026.06.12 20:55:28 (*)   Defaulting to contents of LM_LICENSE_FILE environment variable
Info: nios2_qsys_0: # 2026.06.12 20:55:28 (*)   LM_LICENSE_FILE environment variable is empty
Info: nios2_qsys_0: # 2026.06.12 20:55:28 (*)   Plaintext license not found.
Info: nios2_qsys_0: # 2026.06.12 20:55:28 (*)   No license required to generate encrypted Nios II/e.
Info: nios2_qsys_0: # 2026.06.12 20:55:28 (*)   Elaborating CPU configuration settings
Info: nios2_qsys_0: # 2026.06.12 20:55:28 (*)   Creating all objects for CPU
Info: nios2_qsys_0: # 2026.06.12 20:55:29 (*)   Generating RTL from CPU objects
Info: nios2_qsys_0: # 2026.06.12 20:55:29 (*)   Creating plain-text RTL
Info: nios2_qsys_0: # 2026.06.12 20:55:30 (*) Done Nios II generation
Info: nios2_qsys_0: Done RTL generation for module 'nios_ii_nios2_qsys_0'
Info: nios2_qsys_0: "nios_ii" instantiated altera_nios2_qsys "nios2_qsys_0"
Info: onchip_memory2_0: Starting RTL generation for module 'nios_ii_onchip_memory2_0'
Info: onchip_memory2_0:   Generation command is [exec /home/murilo/Desktop/quartus/quartus/linux/perl/bin/perl -I /home/murilo/Desktop/quartus/quartus/common/ip/altera/common/perl/5.8.3 -I /home/murilo/Desktop/quartus/quartus/sopc_builder/bin/europa -I /home/murilo/Desktop/quartus/quartus/sopc_builder/bin/perl_lib -I /home/murilo/Desktop/quartus/quartus/sopc_builder/bin -I /home/murilo/Desktop/quartus/quartus/../ip/altera/sopc_builder_ip/common -I /home/murilo/Desktop/quartus/quartus/../ip/altera/sopc_builder_ip/altera_avalon_onchip_memory2 -- /home/murilo/Desktop/quartus/quartus/../ip/altera/sopc_builder_ip/altera_avalon_onchip_memory2/generate_rtl.pl --name=nios_ii_onchip_memory2_0 --dir=/tmp/alt0616_1203530129303473328.dir/0002_onchip_memory2_0_gen/ --quartus_dir=/home/murilo/Desktop/quartus/quartus --verilog --config=/tmp/alt0616_1203530129303473328.dir/0002_onchip_memory2_0_gen//nios_ii_onchip_memory2_0_component_configuration.pl  --do_build_sim=0  ]
Info: onchip_memory2_0: Done RTL generation for module 'nios_ii_onchip_memory2_0'
Info: onchip_memory2_0: "nios_ii" instantiated altera_avalon_onchip_memory2 "onchip_memory2_0"
Info: jtag_uart_0: Starting RTL generation for module 'nios_ii_jtag_uart_0'
Info: jtag_uart_0:   Generation command is [exec /home/murilo/Desktop/quartus/quartus/linux/perl/bin/perl -I /home/murilo/Desktop/quartus/quartus/common/ip/altera/common/perl/5.8.3 -I /home/murilo/Desktop/quartus/quartus/sopc_builder/bin/europa -I /home/murilo/Desktop/quartus/quartus/sopc_builder/bin/perl_lib -I /home/murilo/Desktop/quartus/quartus/sopc_builder/bin -I /home/murilo/Desktop/quartus/quartus/../ip/altera/sopc_builder_ip/common -I /home/murilo/Desktop/quartus/quartus/../ip/altera/sopc_builder_ip/altera_avalon_jtag_uart -- /home/murilo/Desktop/quartus/quartus/../ip/altera/sopc_builder_ip/altera_avalon_jtag_uart/generate_rtl.pl --name=nios_ii_jtag_uart_0 --dir=/tmp/alt0616_1203530129303473328.dir/0003_jtag_uart_0_gen/ --quartus_dir=/home/murilo/Desktop/quartus/quartus --verilog --config=/tmp/alt0616_1203530129303473328.dir/0003_jtag_uart_0_gen//nios_ii_jtag_uart_0_component_configuration.pl  --do_build_sim=0  ]
Info: jtag_uart_0: Done RTL generation for module 'nios_ii_jtag_uart_0'
Info: jtag_uart_0: "nios_ii" instantiated altera_avalon_jtag_uart "jtag_uart_0"
Info: sysid_qsys_0: "nios_ii" instantiated altera_avalon_sysid_qsys "sysid_qsys_0"
Info: hex0: Starting RTL generation for module 'nios_ii_hex0'
Info: hex0:   Generation command is [exec /home/murilo/Desktop/quartus/quartus/linux/perl/bin/perl -I /home/murilo/Desktop/quartus/quartus/common/ip/altera/common/perl/5.8.3 -I /home/murilo/Desktop/quartus/quartus/sopc_builder/bin/europa -I /home/murilo/Desktop/quartus/quartus/sopc_builder/bin/perl_lib -I /home/murilo/Desktop/quartus/quartus/sopc_builder/bin -I /home/murilo/Desktop/quartus/quartus/../ip/altera/sopc_builder_ip/common -I /home/murilo/Desktop/quartus/quartus/../ip/altera/sopc_builder_ip/altera_avalon_pio -- /home/murilo/Desktop/quartus/quartus/../ip/altera/sopc_builder_ip/altera_avalon_pio/generate_rtl.pl --name=nios_ii_hex0 --dir=/tmp/alt0616_1203530129303473328.dir/0005_hex0_gen/ --quartus_dir=/home/murilo/Desktop/quartus/quartus --verilog --config=/tmp/alt0616_1203530129303473328.dir/0005_hex0_gen//nios_ii_hex0_component_configuration.pl  --do_build_sim=0  ]
Info: hex0: Done RTL generation for module 'nios_ii_hex0'
Info: hex0: "nios_ii" instantiated altera_avalon_pio "hex0"
Info: switches: Starting RTL generation for module 'nios_ii_switches'
Info: switches:   Generation command is [exec /home/murilo/Desktop/quartus/quartus/linux/perl/bin/perl -I /home/murilo/Desktop/quartus/quartus/common/ip/altera/common/perl/5.8.3 -I /home/murilo/Desktop/quartus/quartus/sopc_builder/bin/europa -I /home/murilo/Desktop/quartus/quartus/sopc_builder/bin/perl_lib -I /home/murilo/Desktop/quartus/quartus/sopc_builder/bin -I /home/murilo/Desktop/quartus/quartus/../ip/altera/sopc_builder_ip/common -I /home/murilo/Desktop/quartus/quartus/../ip/altera/sopc_builder_ip/altera_avalon_pio -- /home/murilo/Desktop/quartus/quartus/../ip/altera/sopc_builder_ip/altera_avalon_pio/generate_rtl.pl --name=nios_ii_switches --dir=/tmp/alt0616_1203530129303473328.dir/0006_switches_gen/ --quartus_dir=/home/murilo/Desktop/quartus/quartus --verilog --config=/tmp/alt0616_1203530129303473328.dir/0006_switches_gen//nios_ii_switches_component_configuration.pl  --do_build_sim=0  ]
Info: switches: Done RTL generation for module 'nios_ii_switches'
Info: switches: "nios_ii" instantiated altera_avalon_pio "switches"
Info: nios2_qsys_0_data_master_translator: "nios_ii" instantiated altera_merlin_master_translator "nios2_qsys_0_data_master_translator"
Info: nios2_qsys_0_jtag_debug_module_translator: "nios_ii" instantiated altera_merlin_slave_translator "nios2_qsys_0_jtag_debug_module_translator"
Info: nios2_qsys_0_data_master_translator_avalon_universal_master_0_agent: "nios_ii" instantiated altera_merlin_master_agent "nios2_qsys_0_data_master_translator_avalon_universal_master_0_agent"
Info: nios2_qsys_0_jtag_debug_module_translator_avalon_universal_slave_0_agent: "nios_ii" instantiated altera_merlin_slave_agent "nios2_qsys_0_jtag_debug_module_translator_avalon_universal_slave_0_agent"
Info: nios2_qsys_0_jtag_debug_module_translator_avalon_universal_slave_0_agent_rsp_fifo: "nios_ii" instantiated altera_avalon_sc_fifo "nios2_qsys_0_jtag_debug_module_translator_avalon_universal_slave_0_agent_rsp_fifo"
Info: addr_router: "nios_ii" instantiated altera_merlin_router "addr_router"
Info: addr_router_001: "nios_ii" instantiated altera_merlin_router "addr_router_001"
Info: id_router: "nios_ii" instantiated altera_merlin_router "id_router"
Info: id_router_002: "nios_ii" instantiated altera_merlin_router "id_router_002"
Info: rst_controller: "nios_ii" instantiated altera_reset_controller "rst_controller"
Info: cmd_xbar_demux: "nios_ii" instantiated altera_merlin_demultiplexer "cmd_xbar_demux"
Info: cmd_xbar_demux_001: "nios_ii" instantiated altera_merlin_demultiplexer "cmd_xbar_demux_001"
Info: cmd_xbar_mux: "nios_ii" instantiated altera_merlin_multiplexer "cmd_xbar_mux"
Info: rsp_xbar_demux_002: "nios_ii" instantiated altera_merlin_demultiplexer "rsp_xbar_demux_002"
Info: rsp_xbar_mux: "nios_ii" instantiated altera_merlin_multiplexer "rsp_xbar_mux"
Info: Reusing file /home/murilo/Desktop/projetos/soft-processor/src/nios_ii/synthesis/submodules/altera_merlin_arbitrator.sv
Info: rsp_xbar_mux_001: "nios_ii" instantiated altera_merlin_multiplexer "rsp_xbar_mux_001"
Info: Reusing file /home/murilo/Desktop/projetos/soft-processor/src/nios_ii/synthesis/submodules/altera_merlin_arbitrator.sv
Info: irq_mapper: "nios_ii" instantiated altera_irq_mapper "irq_mapper"
Info: nios_ii: Done nios_ii" with 24 modules, 140 files, 2641740 bytes
Info: ip-generate succeeded.
Info: Finished: Create HDL design files for synthesis
